<!DOCTYPE html>
<html>
<body>

<h1>App1 Jinja2</h1>

<p>This is a jinja2 template!
</p>
<p>Settings secret: psst</p>

</body>
</html>