<!DOCTYPE html>
<html>
<body>

<h1>App2 Jinja2</h1>

<p>This is a jinja2 template!
</p>
<p>Settings secret: psst</p>

<p>Global Context: present</p>
<p>Context: present</p>

</body>
</html>