<!DOCTYPE html>
<html>
<body>

<h1>Hello from the command line!</h1>

</body>
</html>
