<!DOCTYPE html>
<html>
<body>

<h1>Bye world!</h1>

</body>
</html>
