<!DOCTYPE html>
<html>
<body>

<h1>Nominal APP1</h1>

<p>Settings secret: psst</p>

</body>
</html>
