<!DOCTYPE html>
<html>
<body>

<h1>Nominal FS</h1>

<p>This is a jinja2 template!
</p>
<p>2</p>

</body>
</html>